>>> BaseGeometry = __import__('7-base_geometry').BaseGeometry
>>> bg = BaseGeometry()

# area() not implemented
>>> bg.area()
Traceback (most recent call last):
...
Exception: area() is not implemented

# valid integer
>>> bg.integer_validator("my_int", 12)

# not an integer
>>> bg.integer_validator("my_int", "12")
Traceback (most recent call last):
...
TypeError: my_int must be an integer

>>> bg.integer_validator("my_int", 12.0)
Traceback (most recent call last):
...
TypeError: my_int must be an integer

# <= 0
>>> bg.integer_validator("my_int", 0)
Traceback (most recent call last):
...
ValueError: my_int must be greater than 0

>>> bg.integer_validator("my_int", -17)
Traceback (most recent call last):
...
ValueError: my_int must be greater than 0

# bool edge case (with type(value) is not int, this must fail)
>>> bg.integer_validator("my_int", True)
Traceback (most recent call last):
...
TypeError: my_int must be an integer
